[2025-04-04 02:28:46 -0400] [88394] [INFO] Starting gunicorn 23.0.0
[2025-04-04 02:28:46 -0400] [88394] [INFO] Listening at: http://0.0.0.0:21008 (88394)
[2025-04-04 02:28:46 -0400] [88394] [INFO] Using worker: sync
[2025-04-04 02:28:46 -0400] [88395] [INFO] Booting worker with pid: 88395
Not Found: /.env
Not Found: /config.env
Not Found: /config.js
Not Found: /config/config.yml
Not Found: /objects/codes.php.save
Not Found: /proxy
Not Found: /shared/.env
Not Found: /shared/config.env
Not Found: /shared/config/.env
Not Found: /shared/config/config.env
Not Found: /v1/proxy
Not Found: /v2/proxy
Not Found: /.env
Not Found: /credentials
Not Found: /config.json
Not Found: /v1/.env
Not Found: /backend/api/download-result/
Not Found: /backend/api/download-result/
Not Found: /backend/api/download-result/
Not Found: /backend/api/download-result/
Not Found: /backend/api/download-result/
Not Found: /backend/api/download-result/
Not Found: /.env
Not Found: /config/.env
Not Found: /env
Not Found: /backend/api/download-result/
Not Found: /backend/api/download-result/
Not Found: /backend/api/download-result/
Not Found: /.env
Not Found: /shared/config/config.env
Not Found: /shared/config.env
Not Found: /shared/config/.env
Not Found: /shared/.env
Not Found: /config.env
Not Found: /config.js
Not Found: /objects/codes.php.save
Not Found: /config/config.yml
Not Found: /backend/api/download-result/
Not Found: /backend/api/download-result/
Not Found: /backend/api/download-result/
Not Found: /.env
Not Found: /config.js
Not Found: /.env
Not Found: /backend/api/download-result/
Not Found: /backend/api/download-result/
Not Found: /backend/api/download-result/
[2025-04-30 10:44:17 -0400] [190809] [INFO] Starting gunicorn 23.0.0
[2025-04-30 10:44:17 -0400] [190809] [INFO] Listening at: http://0.0.0.0:21008 (190809)
[2025-04-30 10:44:17 -0400] [190809] [INFO] Using worker: sync
[2025-04-30 10:44:17 -0400] [190810] [INFO] Booting worker with pid: 190810
[2025-04-30 14:53:43 +0000] [88395] [INFO] Worker exiting (pid: 88395)
[2025-04-30 10:53:43 -0400] [88394] [INFO] Handling signal: term
[2025-04-30 10:53:44 -0400] [88394] [INFO] Shutting down: Master
Invalid HTTP_HOST header: 'pubqsong1:21008'. You may need to add 'pubqsong1' to ALLOWED_HOSTS.
Traceback (most recent call last):
  File "/pubapps/qsong1/miniconda3/envs/shapeRNA/lib/python3.11/site-packages/django/core/handlers/exception.py", line 55, in inner
    response = get_response(request)
               ^^^^^^^^^^^^^^^^^^^^^
  File "/pubapps/qsong1/miniconda3/envs/shapeRNA/lib/python3.11/site-packages/django/utils/deprecation.py", line 128, in __call__
    response = self.process_request(request)
               ^^^^^^^^^^^^^^^^^^^^^^^^^^^^^
  File "/pubapps/qsong1/miniconda3/envs/shapeRNA/lib/python3.11/site-packages/django/middleware/common.py", line 48, in process_request
    host = request.get_host()
           ^^^^^^^^^^^^^^^^^^
  File "/pubapps/qsong1/miniconda3/envs/shapeRNA/lib/python3.11/site-packages/django/http/request.py", line 151, in get_host
    raise DisallowedHost(msg)
django.core.exceptions.DisallowedHost: Invalid HTTP_HOST header: 'pubqsong1:21008'. You may need to add 'pubqsong1' to ALLOWED_HOSTS.
Bad Request: /backend/api/download-result/
Invalid HTTP_HOST header: 'pubqsong1:21008'. You may need to add 'pubqsong1' to ALLOWED_HOSTS.
Traceback (most recent call last):
  File "/pubapps/qsong1/miniconda3/envs/shapeRNA/lib/python3.11/site-packages/django/core/handlers/exception.py", line 55, in inner
    response = get_response(request)
               ^^^^^^^^^^^^^^^^^^^^^
  File "/pubapps/qsong1/miniconda3/envs/shapeRNA/lib/python3.11/site-packages/django/utils/deprecation.py", line 128, in __call__
    response = self.process_request(request)
               ^^^^^^^^^^^^^^^^^^^^^^^^^^^^^
  File "/pubapps/qsong1/miniconda3/envs/shapeRNA/lib/python3.11/site-packages/django/middleware/common.py", line 48, in process_request
    host = request.get_host()
           ^^^^^^^^^^^^^^^^^^
  File "/pubapps/qsong1/miniconda3/envs/shapeRNA/lib/python3.11/site-packages/django/http/request.py", line 151, in get_host
    raise DisallowedHost(msg)
django.core.exceptions.DisallowedHost: Invalid HTTP_HOST header: 'pubqsong1:21008'. You may need to add 'pubqsong1' to ALLOWED_HOSTS.
Bad Request: /backend/api/download-result/
Invalid HTTP_HOST header: 'pubqsong1:21008'. You may need to add 'pubqsong1' to ALLOWED_HOSTS.
Traceback (most recent call last):
  File "/pubapps/qsong1/miniconda3/envs/shapeRNA/lib/python3.11/site-packages/django/core/handlers/exception.py", line 55, in inner
    response = get_response(request)
               ^^^^^^^^^^^^^^^^^^^^^
  File "/pubapps/qsong1/miniconda3/envs/shapeRNA/lib/python3.11/site-packages/django/utils/deprecation.py", line 128, in __call__
    response = self.process_request(request)
               ^^^^^^^^^^^^^^^^^^^^^^^^^^^^^
  File "/pubapps/qsong1/miniconda3/envs/shapeRNA/lib/python3.11/site-packages/django/middleware/common.py", line 48, in process_request
    host = request.get_host()
           ^^^^^^^^^^^^^^^^^^
  File "/pubapps/qsong1/miniconda3/envs/shapeRNA/lib/python3.11/site-packages/django/http/request.py", line 151, in get_host
    raise DisallowedHost(msg)
django.core.exceptions.DisallowedHost: Invalid HTTP_HOST header: 'pubqsong1:21008'. You may need to add 'pubqsong1' to ALLOWED_HOSTS.
Bad Request: /backend/api/download-result/
Invalid HTTP_HOST header: 'pubqsong1:21008'. You may need to add 'pubqsong1' to ALLOWED_HOSTS.
Traceback (most recent call last):
  File "/pubapps/qsong1/miniconda3/envs/shapeRNA/lib/python3.11/site-packages/django/core/handlers/exception.py", line 55, in inner
    response = get_response(request)
               ^^^^^^^^^^^^^^^^^^^^^
  File "/pubapps/qsong1/miniconda3/envs/shapeRNA/lib/python3.11/site-packages/django/utils/deprecation.py", line 128, in __call__
    response = self.process_request(request)
               ^^^^^^^^^^^^^^^^^^^^^^^^^^^^^
  File "/pubapps/qsong1/miniconda3/envs/shapeRNA/lib/python3.11/site-packages/django/middleware/common.py", line 48, in process_request
    host = request.get_host()
           ^^^^^^^^^^^^^^^^^^
  File "/pubapps/qsong1/miniconda3/envs/shapeRNA/lib/python3.11/site-packages/django/http/request.py", line 151, in get_host
    raise DisallowedHost(msg)
django.core.exceptions.DisallowedHost: Invalid HTTP_HOST header: 'pubqsong1:21008'. You may need to add 'pubqsong1' to ALLOWED_HOSTS.
Bad Request: /backend/api/download-result/
Invalid HTTP_HOST header: 'pubqsong1:21008'. You may need to add 'pubqsong1' to ALLOWED_HOSTS.
Traceback (most recent call last):
  File "/pubapps/qsong1/miniconda3/envs/shapeRNA/lib/python3.11/site-packages/django/core/handlers/exception.py", line 55, in inner
    response = get_response(request)
               ^^^^^^^^^^^^^^^^^^^^^
  File "/pubapps/qsong1/miniconda3/envs/shapeRNA/lib/python3.11/site-packages/django/utils/deprecation.py", line 128, in __call__
    response = self.process_request(request)
               ^^^^^^^^^^^^^^^^^^^^^^^^^^^^^
  File "/pubapps/qsong1/miniconda3/envs/shapeRNA/lib/python3.11/site-packages/django/middleware/common.py", line 48, in process_request
    host = request.get_host()
           ^^^^^^^^^^^^^^^^^^
  File "/pubapps/qsong1/miniconda3/envs/shapeRNA/lib/python3.11/site-packages/django/http/request.py", line 151, in get_host
    raise DisallowedHost(msg)
django.core.exceptions.DisallowedHost: Invalid HTTP_HOST header: 'pubqsong1:21008'. You may need to add 'pubqsong1' to ALLOWED_HOSTS.
Bad Request: /backend/api/download-result/
Invalid HTTP_HOST header: 'pubqsong1:21008'. You may need to add 'pubqsong1' to ALLOWED_HOSTS.
Traceback (most recent call last):
  File "/pubapps/qsong1/miniconda3/envs/shapeRNA/lib/python3.11/site-packages/django/core/handlers/exception.py", line 55, in inner
    response = get_response(request)
               ^^^^^^^^^^^^^^^^^^^^^
  File "/pubapps/qsong1/miniconda3/envs/shapeRNA/lib/python3.11/site-packages/django/utils/deprecation.py", line 128, in __call__
    response = self.process_request(request)
               ^^^^^^^^^^^^^^^^^^^^^^^^^^^^^
  File "/pubapps/qsong1/miniconda3/envs/shapeRNA/lib/python3.11/site-packages/django/middleware/common.py", line 48, in process_request
    host = request.get_host()
           ^^^^^^^^^^^^^^^^^^
  File "/pubapps/qsong1/miniconda3/envs/shapeRNA/lib/python3.11/site-packages/django/http/request.py", line 151, in get_host
    raise DisallowedHost(msg)
django.core.exceptions.DisallowedHost: Invalid HTTP_HOST header: 'pubqsong1:21008'. You may need to add 'pubqsong1' to ALLOWED_HOSTS.
Bad Request: /backend/api/download-result/
Invalid HTTP_HOST header: 'pubqsong1:21008'. You may need to add 'pubqsong1' to ALLOWED_HOSTS.
Traceback (most recent call last):
  File "/pubapps/qsong1/miniconda3/envs/shapeRNA/lib/python3.11/site-packages/django/core/handlers/exception.py", line 55, in inner
    response = get_response(request)
               ^^^^^^^^^^^^^^^^^^^^^
  File "/pubapps/qsong1/miniconda3/envs/shapeRNA/lib/python3.11/site-packages/django/utils/deprecation.py", line 128, in __call__
    response = self.process_request(request)
               ^^^^^^^^^^^^^^^^^^^^^^^^^^^^^
  File "/pubapps/qsong1/miniconda3/envs/shapeRNA/lib/python3.11/site-packages/django/middleware/common.py", line 48, in process_request
    host = request.get_host()
           ^^^^^^^^^^^^^^^^^^
  File "/pubapps/qsong1/miniconda3/envs/shapeRNA/lib/python3.11/site-packages/django/http/request.py", line 151, in get_host
    raise DisallowedHost(msg)
django.core.exceptions.DisallowedHost: Invalid HTTP_HOST header: 'pubqsong1:21008'. You may need to add 'pubqsong1' to ALLOWED_HOSTS.
Bad Request: /backend/api/download-result/
Invalid HTTP_HOST header: 'pubqsong1:21008'. You may need to add 'pubqsong1' to ALLOWED_HOSTS.
Traceback (most recent call last):
  File "/pubapps/qsong1/miniconda3/envs/shapeRNA/lib/python3.11/site-packages/django/core/handlers/exception.py", line 55, in inner
    response = get_response(request)
               ^^^^^^^^^^^^^^^^^^^^^
  File "/pubapps/qsong1/miniconda3/envs/shapeRNA/lib/python3.11/site-packages/django/utils/deprecation.py", line 128, in __call__
    response = self.process_request(request)
               ^^^^^^^^^^^^^^^^^^^^^^^^^^^^^
  File "/pubapps/qsong1/miniconda3/envs/shapeRNA/lib/python3.11/site-packages/django/middleware/common.py", line 48, in process_request
    host = request.get_host()
           ^^^^^^^^^^^^^^^^^^
  File "/pubapps/qsong1/miniconda3/envs/shapeRNA/lib/python3.11/site-packages/django/http/request.py", line 151, in get_host
    raise DisallowedHost(msg)
django.core.exceptions.DisallowedHost: Invalid HTTP_HOST header: 'pubqsong1:21008'. You may need to add 'pubqsong1' to ALLOWED_HOSTS.
Bad Request: /backend/api/download-result/
Invalid HTTP_HOST header: 'pubqsong1:21008'. You may need to add 'pubqsong1' to ALLOWED_HOSTS.
Traceback (most recent call last):
  File "/pubapps/qsong1/miniconda3/envs/shapeRNA/lib/python3.11/site-packages/django/core/handlers/exception.py", line 55, in inner
    response = get_response(request)
               ^^^^^^^^^^^^^^^^^^^^^
  File "/pubapps/qsong1/miniconda3/envs/shapeRNA/lib/python3.11/site-packages/django/utils/deprecation.py", line 128, in __call__
    response = self.process_request(request)
               ^^^^^^^^^^^^^^^^^^^^^^^^^^^^^
  File "/pubapps/qsong1/miniconda3/envs/shapeRNA/lib/python3.11/site-packages/django/middleware/common.py", line 48, in process_request
    host = request.get_host()
           ^^^^^^^^^^^^^^^^^^
  File "/pubapps/qsong1/miniconda3/envs/shapeRNA/lib/python3.11/site-packages/django/http/request.py", line 151, in get_host
    raise DisallowedHost(msg)
django.core.exceptions.DisallowedHost: Invalid HTTP_HOST header: 'pubqsong1:21008'. You may need to add 'pubqsong1' to ALLOWED_HOSTS.
Bad Request: /backend/api/download-result/
Invalid HTTP_HOST header: 'pubqsong1:21008'. You may need to add 'pubqsong1' to ALLOWED_HOSTS.
Traceback (most recent call last):
  File "/pubapps/qsong1/miniconda3/envs/shapeRNA/lib/python3.11/site-packages/django/core/handlers/exception.py", line 55, in inner
    response = get_response(request)
               ^^^^^^^^^^^^^^^^^^^^^
  File "/pubapps/qsong1/miniconda3/envs/shapeRNA/lib/python3.11/site-packages/django/utils/deprecation.py", line 128, in __call__
    response = self.process_request(request)
               ^^^^^^^^^^^^^^^^^^^^^^^^^^^^^
  File "/pubapps/qsong1/miniconda3/envs/shapeRNA/lib/python3.11/site-packages/django/middleware/common.py", line 48, in process_request
    host = request.get_host()
           ^^^^^^^^^^^^^^^^^^
  File "/pubapps/qsong1/miniconda3/envs/shapeRNA/lib/python3.11/site-packages/django/http/request.py", line 151, in get_host
    raise DisallowedHost(msg)
django.core.exceptions.DisallowedHost: Invalid HTTP_HOST header: 'pubqsong1:21008'. You may need to add 'pubqsong1' to ALLOWED_HOSTS.
Bad Request: /backend/api/download-result/
Invalid HTTP_HOST header: 'pubqsong1:21008'. You may need to add 'pubqsong1' to ALLOWED_HOSTS.
Traceback (most recent call last):
  File "/pubapps/qsong1/miniconda3/envs/shapeRNA/lib/python3.11/site-packages/django/core/handlers/exception.py", line 55, in inner
    response = get_response(request)
               ^^^^^^^^^^^^^^^^^^^^^
  File "/pubapps/qsong1/miniconda3/envs/shapeRNA/lib/python3.11/site-packages/django/utils/deprecation.py", line 128, in __call__
    response = self.process_request(request)
               ^^^^^^^^^^^^^^^^^^^^^^^^^^^^^
  File "/pubapps/qsong1/miniconda3/envs/shapeRNA/lib/python3.11/site-packages/django/middleware/common.py", line 48, in process_request
    host = request.get_host()
           ^^^^^^^^^^^^^^^^^^
  File "/pubapps/qsong1/miniconda3/envs/shapeRNA/lib/python3.11/site-packages/django/http/request.py", line 151, in get_host
    raise DisallowedHost(msg)
django.core.exceptions.DisallowedHost: Invalid HTTP_HOST header: 'pubqsong1:21008'. You may need to add 'pubqsong1' to ALLOWED_HOSTS.
Bad Request: /backend/api/download-result/
Invalid HTTP_HOST header: 'pubqsong1:21008'. You may need to add 'pubqsong1' to ALLOWED_HOSTS.
Traceback (most recent call last):
  File "/pubapps/qsong1/miniconda3/envs/shapeRNA/lib/python3.11/site-packages/django/core/handlers/exception.py", line 55, in inner
    response = get_response(request)
               ^^^^^^^^^^^^^^^^^^^^^
  File "/pubapps/qsong1/miniconda3/envs/shapeRNA/lib/python3.11/site-packages/django/utils/deprecation.py", line 128, in __call__
    response = self.process_request(request)
               ^^^^^^^^^^^^^^^^^^^^^^^^^^^^^
  File "/pubapps/qsong1/miniconda3/envs/shapeRNA/lib/python3.11/site-packages/django/middleware/common.py", line 48, in process_request
    host = request.get_host()
           ^^^^^^^^^^^^^^^^^^
  File "/pubapps/qsong1/miniconda3/envs/shapeRNA/lib/python3.11/site-packages/django/http/request.py", line 151, in get_host
    raise DisallowedHost(msg)
django.core.exceptions.DisallowedHost: Invalid HTTP_HOST header: 'pubqsong1:21008'. You may need to add 'pubqsong1' to ALLOWED_HOSTS.
Bad Request: /backend/api/download-result/
Invalid HTTP_HOST header: 'pubqsong1:21008'. You may need to add 'pubqsong1' to ALLOWED_HOSTS.
Traceback (most recent call last):
  File "/pubapps/qsong1/miniconda3/envs/shapeRNA/lib/python3.11/site-packages/django/core/handlers/exception.py", line 55, in inner
    response = get_response(request)
               ^^^^^^^^^^^^^^^^^^^^^
  File "/pubapps/qsong1/miniconda3/envs/shapeRNA/lib/python3.11/site-packages/django/utils/deprecation.py", line 128, in __call__
    response = self.process_request(request)
               ^^^^^^^^^^^^^^^^^^^^^^^^^^^^^
  File "/pubapps/qsong1/miniconda3/envs/shapeRNA/lib/python3.11/site-packages/django/middleware/common.py", line 48, in process_request
    host = request.get_host()
           ^^^^^^^^^^^^^^^^^^
  File "/pubapps/qsong1/miniconda3/envs/shapeRNA/lib/python3.11/site-packages/django/http/request.py", line 151, in get_host
    raise DisallowedHost(msg)
django.core.exceptions.DisallowedHost: Invalid HTTP_HOST header: 'pubqsong1:21008'. You may need to add 'pubqsong1' to ALLOWED_HOSTS.
Bad Request: /backend/api/download-result/
Invalid HTTP_HOST header: 'pubqsong1:21008'. You may need to add 'pubqsong1' to ALLOWED_HOSTS.
Traceback (most recent call last):
  File "/pubapps/qsong1/miniconda3/envs/shapeRNA/lib/python3.11/site-packages/django/core/handlers/exception.py", line 55, in inner
    response = get_response(request)
               ^^^^^^^^^^^^^^^^^^^^^
  File "/pubapps/qsong1/miniconda3/envs/shapeRNA/lib/python3.11/site-packages/django/utils/deprecation.py", line 128, in __call__
    response = self.process_request(request)
               ^^^^^^^^^^^^^^^^^^^^^^^^^^^^^
  File "/pubapps/qsong1/miniconda3/envs/shapeRNA/lib/python3.11/site-packages/django/middleware/common.py", line 48, in process_request
    host = request.get_host()
           ^^^^^^^^^^^^^^^^^^
  File "/pubapps/qsong1/miniconda3/envs/shapeRNA/lib/python3.11/site-packages/django/http/request.py", line 151, in get_host
    raise DisallowedHost(msg)
django.core.exceptions.DisallowedHost: Invalid HTTP_HOST header: 'pubqsong1:21008'. You may need to add 'pubqsong1' to ALLOWED_HOSTS.
Bad Request: /backend/api/download-result/
Invalid HTTP_HOST header: 'pubqsong1:21008'. You may need to add 'pubqsong1' to ALLOWED_HOSTS.
Traceback (most recent call last):
  File "/pubapps/qsong1/miniconda3/envs/shapeRNA/lib/python3.11/site-packages/django/core/handlers/exception.py", line 55, in inner
    response = get_response(request)
               ^^^^^^^^^^^^^^^^^^^^^
  File "/pubapps/qsong1/miniconda3/envs/shapeRNA/lib/python3.11/site-packages/django/utils/deprecation.py", line 128, in __call__
    response = self.process_request(request)
               ^^^^^^^^^^^^^^^^^^^^^^^^^^^^^
  File "/pubapps/qsong1/miniconda3/envs/shapeRNA/lib/python3.11/site-packages/django/middleware/common.py", line 48, in process_request
    host = request.get_host()
           ^^^^^^^^^^^^^^^^^^
  File "/pubapps/qsong1/miniconda3/envs/shapeRNA/lib/python3.11/site-packages/django/http/request.py", line 151, in get_host
    raise DisallowedHost(msg)
django.core.exceptions.DisallowedHost: Invalid HTTP_HOST header: 'pubqsong1:21008'. You may need to add 'pubqsong1' to ALLOWED_HOSTS.
Bad Request: /backend/api/download-result/
Invalid HTTP_HOST header: 'pubqsong1:21008'. You may need to add 'pubqsong1' to ALLOWED_HOSTS.
Traceback (most recent call last):
  File "/pubapps/qsong1/miniconda3/envs/shapeRNA/lib/python3.11/site-packages/django/core/handlers/exception.py", line 55, in inner
    response = get_response(request)
               ^^^^^^^^^^^^^^^^^^^^^
  File "/pubapps/qsong1/miniconda3/envs/shapeRNA/lib/python3.11/site-packages/django/utils/deprecation.py", line 128, in __call__
    response = self.process_request(request)
               ^^^^^^^^^^^^^^^^^^^^^^^^^^^^^
  File "/pubapps/qsong1/miniconda3/envs/shapeRNA/lib/python3.11/site-packages/django/middleware/common.py", line 48, in process_request
    host = request.get_host()
           ^^^^^^^^^^^^^^^^^^
  File "/pubapps/qsong1/miniconda3/envs/shapeRNA/lib/python3.11/site-packages/django/http/request.py", line 151, in get_host
    raise DisallowedHost(msg)
django.core.exceptions.DisallowedHost: Invalid HTTP_HOST header: 'pubqsong1:21008'. You may need to add 'pubqsong1' to ALLOWED_HOSTS.
Bad Request: /backend/api/download-result/
Invalid HTTP_HOST header: 'pubqsong1:21008'. You may need to add 'pubqsong1' to ALLOWED_HOSTS.
Traceback (most recent call last):
  File "/pubapps/qsong1/miniconda3/envs/shapeRNA/lib/python3.11/site-packages/django/core/handlers/exception.py", line 55, in inner
    response = get_response(request)
               ^^^^^^^^^^^^^^^^^^^^^
  File "/pubapps/qsong1/miniconda3/envs/shapeRNA/lib/python3.11/site-packages/django/utils/deprecation.py", line 128, in __call__
    response = self.process_request(request)
               ^^^^^^^^^^^^^^^^^^^^^^^^^^^^^
  File "/pubapps/qsong1/miniconda3/envs/shapeRNA/lib/python3.11/site-packages/django/middleware/common.py", line 48, in process_request
    host = request.get_host()
           ^^^^^^^^^^^^^^^^^^
  File "/pubapps/qsong1/miniconda3/envs/shapeRNA/lib/python3.11/site-packages/django/http/request.py", line 151, in get_host
    raise DisallowedHost(msg)
django.core.exceptions.DisallowedHost: Invalid HTTP_HOST header: 'pubqsong1:21008'. You may need to add 'pubqsong1' to ALLOWED_HOSTS.
Bad Request: /backend/api/download-result/
Invalid HTTP_HOST header: 'pubqsong1:21008'. You may need to add 'pubqsong1' to ALLOWED_HOSTS.
Traceback (most recent call last):
  File "/pubapps/qsong1/miniconda3/envs/shapeRNA/lib/python3.11/site-packages/django/core/handlers/exception.py", line 55, in inner
    response = get_response(request)
               ^^^^^^^^^^^^^^^^^^^^^
  File "/pubapps/qsong1/miniconda3/envs/shapeRNA/lib/python3.11/site-packages/django/utils/deprecation.py", line 128, in __call__
    response = self.process_request(request)
               ^^^^^^^^^^^^^^^^^^^^^^^^^^^^^
  File "/pubapps/qsong1/miniconda3/envs/shapeRNA/lib/python3.11/site-packages/django/middleware/common.py", line 48, in process_request
    host = request.get_host()
           ^^^^^^^^^^^^^^^^^^
  File "/pubapps/qsong1/miniconda3/envs/shapeRNA/lib/python3.11/site-packages/django/http/request.py", line 151, in get_host
    raise DisallowedHost(msg)
django.core.exceptions.DisallowedHost: Invalid HTTP_HOST header: 'pubqsong1:21008'. You may need to add 'pubqsong1' to ALLOWED_HOSTS.
Bad Request: /backend/api/download-result/
Invalid HTTP_HOST header: 'pubqsong1:21008'. You may need to add 'pubqsong1' to ALLOWED_HOSTS.
Traceback (most recent call last):
  File "/pubapps/qsong1/miniconda3/envs/shapeRNA/lib/python3.11/site-packages/django/core/handlers/exception.py", line 55, in inner
    response = get_response(request)
               ^^^^^^^^^^^^^^^^^^^^^
  File "/pubapps/qsong1/miniconda3/envs/shapeRNA/lib/python3.11/site-packages/django/utils/deprecation.py", line 128, in __call__
    response = self.process_request(request)
               ^^^^^^^^^^^^^^^^^^^^^^^^^^^^^
  File "/pubapps/qsong1/miniconda3/envs/shapeRNA/lib/python3.11/site-packages/django/middleware/common.py", line 48, in process_request
    host = request.get_host()
           ^^^^^^^^^^^^^^^^^^
  File "/pubapps/qsong1/miniconda3/envs/shapeRNA/lib/python3.11/site-packages/django/http/request.py", line 151, in get_host
    raise DisallowedHost(msg)
django.core.exceptions.DisallowedHost: Invalid HTTP_HOST header: 'pubqsong1:21008'. You may need to add 'pubqsong1' to ALLOWED_HOSTS.
Bad Request: /backend/api/download-result/
Invalid HTTP_HOST header: 'pubqsong1:21008'. You may need to add 'pubqsong1' to ALLOWED_HOSTS.
Traceback (most recent call last):
  File "/pubapps/qsong1/miniconda3/envs/shapeRNA/lib/python3.11/site-packages/django/core/handlers/exception.py", line 55, in inner
    response = get_response(request)
               ^^^^^^^^^^^^^^^^^^^^^
  File "/pubapps/qsong1/miniconda3/envs/shapeRNA/lib/python3.11/site-packages/django/utils/deprecation.py", line 128, in __call__
    response = self.process_request(request)
               ^^^^^^^^^^^^^^^^^^^^^^^^^^^^^
  File "/pubapps/qsong1/miniconda3/envs/shapeRNA/lib/python3.11/site-packages/django/middleware/common.py", line 48, in process_request
    host = request.get_host()
           ^^^^^^^^^^^^^^^^^^
  File "/pubapps/qsong1/miniconda3/envs/shapeRNA/lib/python3.11/site-packages/django/http/request.py", line 151, in get_host
    raise DisallowedHost(msg)
django.core.exceptions.DisallowedHost: Invalid HTTP_HOST header: 'pubqsong1:21008'. You may need to add 'pubqsong1' to ALLOWED_HOSTS.
Bad Request: /backend/api/download-result/
Invalid HTTP_HOST header: 'pubqsong1:21008'. You may need to add 'pubqsong1' to ALLOWED_HOSTS.
Traceback (most recent call last):
  File "/pubapps/qsong1/miniconda3/envs/shapeRNA/lib/python3.11/site-packages/django/core/handlers/exception.py", line 55, in inner
    response = get_response(request)
               ^^^^^^^^^^^^^^^^^^^^^
  File "/pubapps/qsong1/miniconda3/envs/shapeRNA/lib/python3.11/site-packages/django/utils/deprecation.py", line 128, in __call__
    response = self.process_request(request)
               ^^^^^^^^^^^^^^^^^^^^^^^^^^^^^
  File "/pubapps/qsong1/miniconda3/envs/shapeRNA/lib/python3.11/site-packages/django/middleware/common.py", line 48, in process_request
    host = request.get_host()
           ^^^^^^^^^^^^^^^^^^
  File "/pubapps/qsong1/miniconda3/envs/shapeRNA/lib/python3.11/site-packages/django/http/request.py", line 151, in get_host
    raise DisallowedHost(msg)
django.core.exceptions.DisallowedHost: Invalid HTTP_HOST header: 'pubqsong1:21008'. You may need to add 'pubqsong1' to ALLOWED_HOSTS.
Bad Request: /backend/api/download-result/
Invalid HTTP_HOST header: 'pubqsong1:21008'. You may need to add 'pubqsong1' to ALLOWED_HOSTS.
Traceback (most recent call last):
  File "/pubapps/qsong1/miniconda3/envs/shapeRNA/lib/python3.11/site-packages/django/core/handlers/exception.py", line 55, in inner
    response = get_response(request)
               ^^^^^^^^^^^^^^^^^^^^^
  File "/pubapps/qsong1/miniconda3/envs/shapeRNA/lib/python3.11/site-packages/django/utils/deprecation.py", line 128, in __call__
    response = self.process_request(request)
               ^^^^^^^^^^^^^^^^^^^^^^^^^^^^^
  File "/pubapps/qsong1/miniconda3/envs/shapeRNA/lib/python3.11/site-packages/django/middleware/common.py", line 48, in process_request
    host = request.get_host()
           ^^^^^^^^^^^^^^^^^^
  File "/pubapps/qsong1/miniconda3/envs/shapeRNA/lib/python3.11/site-packages/django/http/request.py", line 151, in get_host
    raise DisallowedHost(msg)
django.core.exceptions.DisallowedHost: Invalid HTTP_HOST header: 'pubqsong1:21008'. You may need to add 'pubqsong1' to ALLOWED_HOSTS.
Bad Request: /backend/api/download-result/
Invalid HTTP_HOST header: 'pubqsong1:21008'. You may need to add 'pubqsong1' to ALLOWED_HOSTS.
Traceback (most recent call last):
  File "/pubapps/qsong1/miniconda3/envs/shapeRNA/lib/python3.11/site-packages/django/core/handlers/exception.py", line 55, in inner
    response = get_response(request)
               ^^^^^^^^^^^^^^^^^^^^^
  File "/pubapps/qsong1/miniconda3/envs/shapeRNA/lib/python3.11/site-packages/django/utils/deprecation.py", line 128, in __call__
    response = self.process_request(request)
               ^^^^^^^^^^^^^^^^^^^^^^^^^^^^^
  File "/pubapps/qsong1/miniconda3/envs/shapeRNA/lib/python3.11/site-packages/django/middleware/common.py", line 48, in process_request
    host = request.get_host()
           ^^^^^^^^^^^^^^^^^^
  File "/pubapps/qsong1/miniconda3/envs/shapeRNA/lib/python3.11/site-packages/django/http/request.py", line 151, in get_host
    raise DisallowedHost(msg)
django.core.exceptions.DisallowedHost: Invalid HTTP_HOST header: 'pubqsong1:21008'. You may need to add 'pubqsong1' to ALLOWED_HOSTS.
Bad Request: /backend/api/download-result/
Invalid HTTP_HOST header: 'pubqsong1:21008'. You may need to add 'pubqsong1' to ALLOWED_HOSTS.
Traceback (most recent call last):
  File "/pubapps/qsong1/miniconda3/envs/shapeRNA/lib/python3.11/site-packages/django/core/handlers/exception.py", line 55, in inner
    response = get_response(request)
               ^^^^^^^^^^^^^^^^^^^^^
  File "/pubapps/qsong1/miniconda3/envs/shapeRNA/lib/python3.11/site-packages/django/utils/deprecation.py", line 128, in __call__
    response = self.process_request(request)
               ^^^^^^^^^^^^^^^^^^^^^^^^^^^^^
  File "/pubapps/qsong1/miniconda3/envs/shapeRNA/lib/python3.11/site-packages/django/middleware/common.py", line 48, in process_request
    host = request.get_host()
           ^^^^^^^^^^^^^^^^^^
  File "/pubapps/qsong1/miniconda3/envs/shapeRNA/lib/python3.11/site-packages/django/http/request.py", line 151, in get_host
    raise DisallowedHost(msg)
django.core.exceptions.DisallowedHost: Invalid HTTP_HOST header: 'pubqsong1:21008'. You may need to add 'pubqsong1' to ALLOWED_HOSTS.
Bad Request: /backend/api/download-result/
Invalid HTTP_HOST header: 'pubqsong1:21008'. You may need to add 'pubqsong1' to ALLOWED_HOSTS.
Traceback (most recent call last):
  File "/pubapps/qsong1/miniconda3/envs/shapeRNA/lib/python3.11/site-packages/django/core/handlers/exception.py", line 55, in inner
    response = get_response(request)
               ^^^^^^^^^^^^^^^^^^^^^
  File "/pubapps/qsong1/miniconda3/envs/shapeRNA/lib/python3.11/site-packages/django/utils/deprecation.py", line 128, in __call__
    response = self.process_request(request)
               ^^^^^^^^^^^^^^^^^^^^^^^^^^^^^
  File "/pubapps/qsong1/miniconda3/envs/shapeRNA/lib/python3.11/site-packages/django/middleware/common.py", line 48, in process_request
    host = request.get_host()
           ^^^^^^^^^^^^^^^^^^
  File "/pubapps/qsong1/miniconda3/envs/shapeRNA/lib/python3.11/site-packages/django/http/request.py", line 151, in get_host
    raise DisallowedHost(msg)
django.core.exceptions.DisallowedHost: Invalid HTTP_HOST header: 'pubqsong1:21008'. You may need to add 'pubqsong1' to ALLOWED_HOSTS.
Bad Request: /backend/api/download-result/
Invalid HTTP_HOST header: 'pubqsong1:21008'. You may need to add 'pubqsong1' to ALLOWED_HOSTS.
Traceback (most recent call last):
  File "/pubapps/qsong1/miniconda3/envs/shapeRNA/lib/python3.11/site-packages/django/core/handlers/exception.py", line 55, in inner
    response = get_response(request)
               ^^^^^^^^^^^^^^^^^^^^^
  File "/pubapps/qsong1/miniconda3/envs/shapeRNA/lib/python3.11/site-packages/django/utils/deprecation.py", line 128, in __call__
    response = self.process_request(request)
               ^^^^^^^^^^^^^^^^^^^^^^^^^^^^^
  File "/pubapps/qsong1/miniconda3/envs/shapeRNA/lib/python3.11/site-packages/django/middleware/common.py", line 48, in process_request
    host = request.get_host()
           ^^^^^^^^^^^^^^^^^^
  File "/pubapps/qsong1/miniconda3/envs/shapeRNA/lib/python3.11/site-packages/django/http/request.py", line 151, in get_host
    raise DisallowedHost(msg)
django.core.exceptions.DisallowedHost: Invalid HTTP_HOST header: 'pubqsong1:21008'. You may need to add 'pubqsong1' to ALLOWED_HOSTS.
Bad Request: /backend/api/download-result/
Invalid HTTP_HOST header: 'pubqsong1:21008'. You may need to add 'pubqsong1' to ALLOWED_HOSTS.
Traceback (most recent call last):
  File "/pubapps/qsong1/miniconda3/envs/shapeRNA/lib/python3.11/site-packages/django/core/handlers/exception.py", line 55, in inner
    response = get_response(request)
               ^^^^^^^^^^^^^^^^^^^^^
  File "/pubapps/qsong1/miniconda3/envs/shapeRNA/lib/python3.11/site-packages/django/utils/deprecation.py", line 128, in __call__
    response = self.process_request(request)
               ^^^^^^^^^^^^^^^^^^^^^^^^^^^^^
  File "/pubapps/qsong1/miniconda3/envs/shapeRNA/lib/python3.11/site-packages/django/middleware/common.py", line 48, in process_request
    host = request.get_host()
           ^^^^^^^^^^^^^^^^^^
  File "/pubapps/qsong1/miniconda3/envs/shapeRNA/lib/python3.11/site-packages/django/http/request.py", line 151, in get_host
    raise DisallowedHost(msg)
django.core.exceptions.DisallowedHost: Invalid HTTP_HOST header: 'pubqsong1:21008'. You may need to add 'pubqsong1' to ALLOWED_HOSTS.
Bad Request: /backend/api/download-result/
Invalid HTTP_HOST header: 'pubqsong1:21008'. You may need to add 'pubqsong1' to ALLOWED_HOSTS.
Traceback (most recent call last):
  File "/pubapps/qsong1/miniconda3/envs/shapeRNA/lib/python3.11/site-packages/django/core/handlers/exception.py", line 55, in inner
    response = get_response(request)
               ^^^^^^^^^^^^^^^^^^^^^
  File "/pubapps/qsong1/miniconda3/envs/shapeRNA/lib/python3.11/site-packages/django/utils/deprecation.py", line 128, in __call__
    response = self.process_request(request)
               ^^^^^^^^^^^^^^^^^^^^^^^^^^^^^
  File "/pubapps/qsong1/miniconda3/envs/shapeRNA/lib/python3.11/site-packages/django/middleware/common.py", line 48, in process_request
    host = request.get_host()
           ^^^^^^^^^^^^^^^^^^
  File "/pubapps/qsong1/miniconda3/envs/shapeRNA/lib/python3.11/site-packages/django/http/request.py", line 151, in get_host
    raise DisallowedHost(msg)
django.core.exceptions.DisallowedHost: Invalid HTTP_HOST header: 'pubqsong1:21008'. You may need to add 'pubqsong1' to ALLOWED_HOSTS.
Bad Request: /backend/api/download-result/
Invalid HTTP_HOST header: 'pubqsong1:21008'. You may need to add 'pubqsong1' to ALLOWED_HOSTS.
Traceback (most recent call last):
  File "/pubapps/qsong1/miniconda3/envs/shapeRNA/lib/python3.11/site-packages/django/core/handlers/exception.py", line 55, in inner
    response = get_response(request)
               ^^^^^^^^^^^^^^^^^^^^^
  File "/pubapps/qsong1/miniconda3/envs/shapeRNA/lib/python3.11/site-packages/django/utils/deprecation.py", line 128, in __call__
    response = self.process_request(request)
               ^^^^^^^^^^^^^^^^^^^^^^^^^^^^^
  File "/pubapps/qsong1/miniconda3/envs/shapeRNA/lib/python3.11/site-packages/django/middleware/common.py", line 48, in process_request
    host = request.get_host()
           ^^^^^^^^^^^^^^^^^^
  File "/pubapps/qsong1/miniconda3/envs/shapeRNA/lib/python3.11/site-packages/django/http/request.py", line 151, in get_host
    raise DisallowedHost(msg)
django.core.exceptions.DisallowedHost: Invalid HTTP_HOST header: 'pubqsong1:21008'. You may need to add 'pubqsong1' to ALLOWED_HOSTS.
Bad Request: /backend/api/download-result/
Invalid HTTP_HOST header: 'pubqsong1:21008'. You may need to add 'pubqsong1' to ALLOWED_HOSTS.
Traceback (most recent call last):
  File "/pubapps/qsong1/miniconda3/envs/shapeRNA/lib/python3.11/site-packages/django/core/handlers/exception.py", line 55, in inner
    response = get_response(request)
               ^^^^^^^^^^^^^^^^^^^^^
  File "/pubapps/qsong1/miniconda3/envs/shapeRNA/lib/python3.11/site-packages/django/utils/deprecation.py", line 128, in __call__
    response = self.process_request(request)
               ^^^^^^^^^^^^^^^^^^^^^^^^^^^^^
  File "/pubapps/qsong1/miniconda3/envs/shapeRNA/lib/python3.11/site-packages/django/middleware/common.py", line 48, in process_request
    host = request.get_host()
           ^^^^^^^^^^^^^^^^^^
  File "/pubapps/qsong1/miniconda3/envs/shapeRNA/lib/python3.11/site-packages/django/http/request.py", line 151, in get_host
    raise DisallowedHost(msg)
django.core.exceptions.DisallowedHost: Invalid HTTP_HOST header: 'pubqsong1:21008'. You may need to add 'pubqsong1' to ALLOWED_HOSTS.
Bad Request: /backend/api/download-result/
Invalid HTTP_HOST header: 'pubqsong1:21008'. You may need to add 'pubqsong1' to ALLOWED_HOSTS.
Traceback (most recent call last):
  File "/pubapps/qsong1/miniconda3/envs/shapeRNA/lib/python3.11/site-packages/django/core/handlers/exception.py", line 55, in inner
    response = get_response(request)
               ^^^^^^^^^^^^^^^^^^^^^
  File "/pubapps/qsong1/miniconda3/envs/shapeRNA/lib/python3.11/site-packages/django/utils/deprecation.py", line 128, in __call__
    response = self.process_request(request)
               ^^^^^^^^^^^^^^^^^^^^^^^^^^^^^
  File "/pubapps/qsong1/miniconda3/envs/shapeRNA/lib/python3.11/site-packages/django/middleware/common.py", line 48, in process_request
    host = request.get_host()
           ^^^^^^^^^^^^^^^^^^
  File "/pubapps/qsong1/miniconda3/envs/shapeRNA/lib/python3.11/site-packages/django/http/request.py", line 151, in get_host
    raise DisallowedHost(msg)
django.core.exceptions.DisallowedHost: Invalid HTTP_HOST header: 'pubqsong1:21008'. You may need to add 'pubqsong1' to ALLOWED_HOSTS.
Bad Request: /backend/api/download-result/
Invalid HTTP_HOST header: 'pubqsong1:21008'. You may need to add 'pubqsong1' to ALLOWED_HOSTS.
Traceback (most recent call last):
  File "/pubapps/qsong1/miniconda3/envs/shapeRNA/lib/python3.11/site-packages/django/core/handlers/exception.py", line 55, in inner
    response = get_response(request)
               ^^^^^^^^^^^^^^^^^^^^^
  File "/pubapps/qsong1/miniconda3/envs/shapeRNA/lib/python3.11/site-packages/django/utils/deprecation.py", line 128, in __call__
    response = self.process_request(request)
               ^^^^^^^^^^^^^^^^^^^^^^^^^^^^^
  File "/pubapps/qsong1/miniconda3/envs/shapeRNA/lib/python3.11/site-packages/django/middleware/common.py", line 48, in process_request
    host = request.get_host()
           ^^^^^^^^^^^^^^^^^^
  File "/pubapps/qsong1/miniconda3/envs/shapeRNA/lib/python3.11/site-packages/django/http/request.py", line 151, in get_host
    raise DisallowedHost(msg)
django.core.exceptions.DisallowedHost: Invalid HTTP_HOST header: 'pubqsong1:21008'. You may need to add 'pubqsong1' to ALLOWED_HOSTS.
Bad Request: /backend/api/download-result/
Invalid HTTP_HOST header: 'pubqsong1:21008'. You may need to add 'pubqsong1' to ALLOWED_HOSTS.
Traceback (most recent call last):
  File "/pubapps/qsong1/miniconda3/envs/shapeRNA/lib/python3.11/site-packages/django/core/handlers/exception.py", line 55, in inner
    response = get_response(request)
               ^^^^^^^^^^^^^^^^^^^^^
  File "/pubapps/qsong1/miniconda3/envs/shapeRNA/lib/python3.11/site-packages/django/utils/deprecation.py", line 128, in __call__
    response = self.process_request(request)
               ^^^^^^^^^^^^^^^^^^^^^^^^^^^^^
  File "/pubapps/qsong1/miniconda3/envs/shapeRNA/lib/python3.11/site-packages/django/middleware/common.py", line 48, in process_request
    host = request.get_host()
           ^^^^^^^^^^^^^^^^^^
  File "/pubapps/qsong1/miniconda3/envs/shapeRNA/lib/python3.11/site-packages/django/http/request.py", line 151, in get_host
    raise DisallowedHost(msg)
django.core.exceptions.DisallowedHost: Invalid HTTP_HOST header: 'pubqsong1:21008'. You may need to add 'pubqsong1' to ALLOWED_HOSTS.
Bad Request: /backend/api/download-result/
Invalid HTTP_HOST header: 'pubqsong1:21008'. You may need to add 'pubqsong1' to ALLOWED_HOSTS.
Traceback (most recent call last):
  File "/pubapps/qsong1/miniconda3/envs/shapeRNA/lib/python3.11/site-packages/django/core/handlers/exception.py", line 55, in inner
    response = get_response(request)
               ^^^^^^^^^^^^^^^^^^^^^
  File "/pubapps/qsong1/miniconda3/envs/shapeRNA/lib/python3.11/site-packages/django/utils/deprecation.py", line 128, in __call__
    response = self.process_request(request)
               ^^^^^^^^^^^^^^^^^^^^^^^^^^^^^
  File "/pubapps/qsong1/miniconda3/envs/shapeRNA/lib/python3.11/site-packages/django/middleware/common.py", line 48, in process_request
    host = request.get_host()
           ^^^^^^^^^^^^^^^^^^
  File "/pubapps/qsong1/miniconda3/envs/shapeRNA/lib/python3.11/site-packages/django/http/request.py", line 151, in get_host
    raise DisallowedHost(msg)
django.core.exceptions.DisallowedHost: Invalid HTTP_HOST header: 'pubqsong1:21008'. You may need to add 'pubqsong1' to ALLOWED_HOSTS.
Bad Request: /backend/api/download-result/
Invalid HTTP_HOST header: 'pubqsong1:21008'. You may need to add 'pubqsong1' to ALLOWED_HOSTS.
Traceback (most recent call last):
  File "/pubapps/qsong1/miniconda3/envs/shapeRNA/lib/python3.11/site-packages/django/core/handlers/exception.py", line 55, in inner
    response = get_response(request)
               ^^^^^^^^^^^^^^^^^^^^^
  File "/pubapps/qsong1/miniconda3/envs/shapeRNA/lib/python3.11/site-packages/django/utils/deprecation.py", line 128, in __call__
    response = self.process_request(request)
               ^^^^^^^^^^^^^^^^^^^^^^^^^^^^^
  File "/pubapps/qsong1/miniconda3/envs/shapeRNA/lib/python3.11/site-packages/django/middleware/common.py", line 48, in process_request
    host = request.get_host()
           ^^^^^^^^^^^^^^^^^^
  File "/pubapps/qsong1/miniconda3/envs/shapeRNA/lib/python3.11/site-packages/django/http/request.py", line 151, in get_host
    raise DisallowedHost(msg)
django.core.exceptions.DisallowedHost: Invalid HTTP_HOST header: 'pubqsong1:21008'. You may need to add 'pubqsong1' to ALLOWED_HOSTS.
Bad Request: /backend/api/download-result/
Invalid HTTP_HOST header: 'pubqsong1:21008'. You may need to add 'pubqsong1' to ALLOWED_HOSTS.
Traceback (most recent call last):
  File "/pubapps/qsong1/miniconda3/envs/shapeRNA/lib/python3.11/site-packages/django/core/handlers/exception.py", line 55, in inner
    response = get_response(request)
               ^^^^^^^^^^^^^^^^^^^^^
  File "/pubapps/qsong1/miniconda3/envs/shapeRNA/lib/python3.11/site-packages/django/utils/deprecation.py", line 128, in __call__
    response = self.process_request(request)
               ^^^^^^^^^^^^^^^^^^^^^^^^^^^^^
  File "/pubapps/qsong1/miniconda3/envs/shapeRNA/lib/python3.11/site-packages/django/middleware/common.py", line 48, in process_request
    host = request.get_host()
           ^^^^^^^^^^^^^^^^^^
  File "/pubapps/qsong1/miniconda3/envs/shapeRNA/lib/python3.11/site-packages/django/http/request.py", line 151, in get_host
    raise DisallowedHost(msg)
django.core.exceptions.DisallowedHost: Invalid HTTP_HOST header: 'pubqsong1:21008'. You may need to add 'pubqsong1' to ALLOWED_HOSTS.
Bad Request: /backend/api/download-result/
Invalid HTTP_HOST header: 'pubqsong1:21008'. You may need to add 'pubqsong1' to ALLOWED_HOSTS.
Traceback (most recent call last):
  File "/pubapps/qsong1/miniconda3/envs/shapeRNA/lib/python3.11/site-packages/django/core/handlers/exception.py", line 55, in inner
    response = get_response(request)
               ^^^^^^^^^^^^^^^^^^^^^
  File "/pubapps/qsong1/miniconda3/envs/shapeRNA/lib/python3.11/site-packages/django/utils/deprecation.py", line 128, in __call__
    response = self.process_request(request)
               ^^^^^^^^^^^^^^^^^^^^^^^^^^^^^
  File "/pubapps/qsong1/miniconda3/envs/shapeRNA/lib/python3.11/site-packages/django/middleware/common.py", line 48, in process_request
    host = request.get_host()
           ^^^^^^^^^^^^^^^^^^
  File "/pubapps/qsong1/miniconda3/envs/shapeRNA/lib/python3.11/site-packages/django/http/request.py", line 151, in get_host
    raise DisallowedHost(msg)
django.core.exceptions.DisallowedHost: Invalid HTTP_HOST header: 'pubqsong1:21008'. You may need to add 'pubqsong1' to ALLOWED_HOSTS.
Bad Request: /backend/api/download-result/
Invalid HTTP_HOST header: 'pubqsong1:21008'. You may need to add 'pubqsong1' to ALLOWED_HOSTS.
Traceback (most recent call last):
  File "/pubapps/qsong1/miniconda3/envs/shapeRNA/lib/python3.11/site-packages/django/core/handlers/exception.py", line 55, in inner
    response = get_response(request)
               ^^^^^^^^^^^^^^^^^^^^^
  File "/pubapps/qsong1/miniconda3/envs/shapeRNA/lib/python3.11/site-packages/django/utils/deprecation.py", line 128, in __call__
    response = self.process_request(request)
               ^^^^^^^^^^^^^^^^^^^^^^^^^^^^^
  File "/pubapps/qsong1/miniconda3/envs/shapeRNA/lib/python3.11/site-packages/django/middleware/common.py", line 48, in process_request
    host = request.get_host()
           ^^^^^^^^^^^^^^^^^^
  File "/pubapps/qsong1/miniconda3/envs/shapeRNA/lib/python3.11/site-packages/django/http/request.py", line 151, in get_host
    raise DisallowedHost(msg)
django.core.exceptions.DisallowedHost: Invalid HTTP_HOST header: 'pubqsong1:21008'. You may need to add 'pubqsong1' to ALLOWED_HOSTS.
Bad Request: /backend/api/download-result/
Invalid HTTP_HOST header: 'pubqsong1:21008'. You may need to add 'pubqsong1' to ALLOWED_HOSTS.
Traceback (most recent call last):
  File "/pubapps/qsong1/miniconda3/envs/shapeRNA/lib/python3.11/site-packages/django/core/handlers/exception.py", line 55, in inner
    response = get_response(request)
               ^^^^^^^^^^^^^^^^^^^^^
  File "/pubapps/qsong1/miniconda3/envs/shapeRNA/lib/python3.11/site-packages/django/utils/deprecation.py", line 128, in __call__
    response = self.process_request(request)
               ^^^^^^^^^^^^^^^^^^^^^^^^^^^^^
  File "/pubapps/qsong1/miniconda3/envs/shapeRNA/lib/python3.11/site-packages/django/middleware/common.py", line 48, in process_request
    host = request.get_host()
           ^^^^^^^^^^^^^^^^^^
  File "/pubapps/qsong1/miniconda3/envs/shapeRNA/lib/python3.11/site-packages/django/http/request.py", line 151, in get_host
    raise DisallowedHost(msg)
django.core.exceptions.DisallowedHost: Invalid HTTP_HOST header: 'pubqsong1:21008'. You may need to add 'pubqsong1' to ALLOWED_HOSTS.
Bad Request: /backend/api/download-result/
Invalid HTTP_HOST header: 'pubqsong1:21008'. You may need to add 'pubqsong1' to ALLOWED_HOSTS.
Traceback (most recent call last):
  File "/pubapps/qsong1/miniconda3/envs/shapeRNA/lib/python3.11/site-packages/django/core/handlers/exception.py", line 55, in inner
    response = get_response(request)
               ^^^^^^^^^^^^^^^^^^^^^
  File "/pubapps/qsong1/miniconda3/envs/shapeRNA/lib/python3.11/site-packages/django/utils/deprecation.py", line 128, in __call__
    response = self.process_request(request)
               ^^^^^^^^^^^^^^^^^^^^^^^^^^^^^
  File "/pubapps/qsong1/miniconda3/envs/shapeRNA/lib/python3.11/site-packages/django/middleware/common.py", line 48, in process_request
    host = request.get_host()
           ^^^^^^^^^^^^^^^^^^
  File "/pubapps/qsong1/miniconda3/envs/shapeRNA/lib/python3.11/site-packages/django/http/request.py", line 151, in get_host
    raise DisallowedHost(msg)
django.core.exceptions.DisallowedHost: Invalid HTTP_HOST header: 'pubqsong1:21008'. You may need to add 'pubqsong1' to ALLOWED_HOSTS.
Bad Request: /backend/api/download-result/
Invalid HTTP_HOST header: 'pubqsong1:21008'. You may need to add 'pubqsong1' to ALLOWED_HOSTS.
Traceback (most recent call last):
  File "/pubapps/qsong1/miniconda3/envs/shapeRNA/lib/python3.11/site-packages/django/core/handlers/exception.py", line 55, in inner
    response = get_response(request)
               ^^^^^^^^^^^^^^^^^^^^^
  File "/pubapps/qsong1/miniconda3/envs/shapeRNA/lib/python3.11/site-packages/django/utils/deprecation.py", line 128, in __call__
    response = self.process_request(request)
               ^^^^^^^^^^^^^^^^^^^^^^^^^^^^^
  File "/pubapps/qsong1/miniconda3/envs/shapeRNA/lib/python3.11/site-packages/django/middleware/common.py", line 48, in process_request
    host = request.get_host()
           ^^^^^^^^^^^^^^^^^^
  File "/pubapps/qsong1/miniconda3/envs/shapeRNA/lib/python3.11/site-packages/django/http/request.py", line 151, in get_host
    raise DisallowedHost(msg)
django.core.exceptions.DisallowedHost: Invalid HTTP_HOST header: 'pubqsong1:21008'. You may need to add 'pubqsong1' to ALLOWED_HOSTS.
Bad Request: /backend/api/download-result/
Invalid HTTP_HOST header: 'pubqsong1:21008'. You may need to add 'pubqsong1' to ALLOWED_HOSTS.
Traceback (most recent call last):
  File "/pubapps/qsong1/miniconda3/envs/shapeRNA/lib/python3.11/site-packages/django/core/handlers/exception.py", line 55, in inner
    response = get_response(request)
               ^^^^^^^^^^^^^^^^^^^^^
  File "/pubapps/qsong1/miniconda3/envs/shapeRNA/lib/python3.11/site-packages/django/utils/deprecation.py", line 128, in __call__
    response = self.process_request(request)
               ^^^^^^^^^^^^^^^^^^^^^^^^^^^^^
  File "/pubapps/qsong1/miniconda3/envs/shapeRNA/lib/python3.11/site-packages/django/middleware/common.py", line 48, in process_request
    host = request.get_host()
           ^^^^^^^^^^^^^^^^^^
  File "/pubapps/qsong1/miniconda3/envs/shapeRNA/lib/python3.11/site-packages/django/http/request.py", line 151, in get_host
    raise DisallowedHost(msg)
django.core.exceptions.DisallowedHost: Invalid HTTP_HOST header: 'pubqsong1:21008'. You may need to add 'pubqsong1' to ALLOWED_HOSTS.
Bad Request: /backend/api/download-result/
Invalid HTTP_HOST header: 'pubqsong1:21008'. You may need to add 'pubqsong1' to ALLOWED_HOSTS.
Traceback (most recent call last):
  File "/pubapps/qsong1/miniconda3/envs/shapeRNA/lib/python3.11/site-packages/django/core/handlers/exception.py", line 55, in inner
    response = get_response(request)
               ^^^^^^^^^^^^^^^^^^^^^
  File "/pubapps/qsong1/miniconda3/envs/shapeRNA/lib/python3.11/site-packages/django/utils/deprecation.py", line 128, in __call__
    response = self.process_request(request)
               ^^^^^^^^^^^^^^^^^^^^^^^^^^^^^
  File "/pubapps/qsong1/miniconda3/envs/shapeRNA/lib/python3.11/site-packages/django/middleware/common.py", line 48, in process_request
    host = request.get_host()
           ^^^^^^^^^^^^^^^^^^
  File "/pubapps/qsong1/miniconda3/envs/shapeRNA/lib/python3.11/site-packages/django/http/request.py", line 151, in get_host
    raise DisallowedHost(msg)
django.core.exceptions.DisallowedHost: Invalid HTTP_HOST header: 'pubqsong1:21008'. You may need to add 'pubqsong1' to ALLOWED_HOSTS.
Bad Request: /backend/api/download-result/
Invalid HTTP_HOST header: 'pubqsong1:21008'. You may need to add 'pubqsong1' to ALLOWED_HOSTS.
Traceback (most recent call last):
  File "/pubapps/qsong1/miniconda3/envs/shapeRNA/lib/python3.11/site-packages/django/core/handlers/exception.py", line 55, in inner
    response = get_response(request)
               ^^^^^^^^^^^^^^^^^^^^^
  File "/pubapps/qsong1/miniconda3/envs/shapeRNA/lib/python3.11/site-packages/django/utils/deprecation.py", line 128, in __call__
    response = self.process_request(request)
               ^^^^^^^^^^^^^^^^^^^^^^^^^^^^^
  File "/pubapps/qsong1/miniconda3/envs/shapeRNA/lib/python3.11/site-packages/django/middleware/common.py", line 48, in process_request
    host = request.get_host()
           ^^^^^^^^^^^^^^^^^^
  File "/pubapps/qsong1/miniconda3/envs/shapeRNA/lib/python3.11/site-packages/django/http/request.py", line 151, in get_host
    raise DisallowedHost(msg)
django.core.exceptions.DisallowedHost: Invalid HTTP_HOST header: 'pubqsong1:21008'. You may need to add 'pubqsong1' to ALLOWED_HOSTS.
Bad Request: /backend/api/download-result/
Invalid HTTP_HOST header: 'pubqsong1:21008'. You may need to add 'pubqsong1' to ALLOWED_HOSTS.
Traceback (most recent call last):
  File "/pubapps/qsong1/miniconda3/envs/shapeRNA/lib/python3.11/site-packages/django/core/handlers/exception.py", line 55, in inner
    response = get_response(request)
               ^^^^^^^^^^^^^^^^^^^^^
  File "/pubapps/qsong1/miniconda3/envs/shapeRNA/lib/python3.11/site-packages/django/utils/deprecation.py", line 128, in __call__
    response = self.process_request(request)
               ^^^^^^^^^^^^^^^^^^^^^^^^^^^^^
  File "/pubapps/qsong1/miniconda3/envs/shapeRNA/lib/python3.11/site-packages/django/middleware/common.py", line 48, in process_request
    host = request.get_host()
           ^^^^^^^^^^^^^^^^^^
  File "/pubapps/qsong1/miniconda3/envs/shapeRNA/lib/python3.11/site-packages/django/http/request.py", line 151, in get_host
    raise DisallowedHost(msg)
django.core.exceptions.DisallowedHost: Invalid HTTP_HOST header: 'pubqsong1:21008'. You may need to add 'pubqsong1' to ALLOWED_HOSTS.
Bad Request: /backend/api/download-result/
Invalid HTTP_HOST header: 'pubqsong1:21008'. You may need to add 'pubqsong1' to ALLOWED_HOSTS.
Traceback (most recent call last):
  File "/pubapps/qsong1/miniconda3/envs/shapeRNA/lib/python3.11/site-packages/django/core/handlers/exception.py", line 55, in inner
    response = get_response(request)
               ^^^^^^^^^^^^^^^^^^^^^
  File "/pubapps/qsong1/miniconda3/envs/shapeRNA/lib/python3.11/site-packages/django/utils/deprecation.py", line 128, in __call__
    response = self.process_request(request)
               ^^^^^^^^^^^^^^^^^^^^^^^^^^^^^
  File "/pubapps/qsong1/miniconda3/envs/shapeRNA/lib/python3.11/site-packages/django/middleware/common.py", line 48, in process_request
    host = request.get_host()
           ^^^^^^^^^^^^^^^^^^
  File "/pubapps/qsong1/miniconda3/envs/shapeRNA/lib/python3.11/site-packages/django/http/request.py", line 151, in get_host
    raise DisallowedHost(msg)
django.core.exceptions.DisallowedHost: Invalid HTTP_HOST header: 'pubqsong1:21008'. You may need to add 'pubqsong1' to ALLOWED_HOSTS.
Bad Request: /backend/api/download-result/
Invalid HTTP_HOST header: 'pubqsong1:21008'. You may need to add 'pubqsong1' to ALLOWED_HOSTS.
Traceback (most recent call last):
  File "/pubapps/qsong1/miniconda3/envs/shapeRNA/lib/python3.11/site-packages/django/core/handlers/exception.py", line 55, in inner
    response = get_response(request)
               ^^^^^^^^^^^^^^^^^^^^^
  File "/pubapps/qsong1/miniconda3/envs/shapeRNA/lib/python3.11/site-packages/django/utils/deprecation.py", line 128, in __call__
    response = self.process_request(request)
               ^^^^^^^^^^^^^^^^^^^^^^^^^^^^^
  File "/pubapps/qsong1/miniconda3/envs/shapeRNA/lib/python3.11/site-packages/django/middleware/common.py", line 48, in process_request
    host = request.get_host()
           ^^^^^^^^^^^^^^^^^^
  File "/pubapps/qsong1/miniconda3/envs/shapeRNA/lib/python3.11/site-packages/django/http/request.py", line 151, in get_host
    raise DisallowedHost(msg)
django.core.exceptions.DisallowedHost: Invalid HTTP_HOST header: 'pubqsong1:21008'. You may need to add 'pubqsong1' to ALLOWED_HOSTS.
Bad Request: /backend/api/download-result/
Invalid HTTP_HOST header: 'pubqsong1:21008'. You may need to add 'pubqsong1' to ALLOWED_HOSTS.
Traceback (most recent call last):
  File "/pubapps/qsong1/miniconda3/envs/shapeRNA/lib/python3.11/site-packages/django/core/handlers/exception.py", line 55, in inner
    response = get_response(request)
               ^^^^^^^^^^^^^^^^^^^^^
  File "/pubapps/qsong1/miniconda3/envs/shapeRNA/lib/python3.11/site-packages/django/utils/deprecation.py", line 128, in __call__
    response = self.process_request(request)
               ^^^^^^^^^^^^^^^^^^^^^^^^^^^^^
  File "/pubapps/qsong1/miniconda3/envs/shapeRNA/lib/python3.11/site-packages/django/middleware/common.py", line 48, in process_request
    host = request.get_host()
           ^^^^^^^^^^^^^^^^^^
  File "/pubapps/qsong1/miniconda3/envs/shapeRNA/lib/python3.11/site-packages/django/http/request.py", line 151, in get_host
    raise DisallowedHost(msg)
django.core.exceptions.DisallowedHost: Invalid HTTP_HOST header: 'pubqsong1:21008'. You may need to add 'pubqsong1' to ALLOWED_HOSTS.
Bad Request: /backend/api/download-result/
Invalid HTTP_HOST header: 'pubqsong1:21008'. You may need to add 'pubqsong1' to ALLOWED_HOSTS.
Traceback (most recent call last):
  File "/pubapps/qsong1/miniconda3/envs/shapeRNA/lib/python3.11/site-packages/django/core/handlers/exception.py", line 55, in inner
    response = get_response(request)
               ^^^^^^^^^^^^^^^^^^^^^
  File "/pubapps/qsong1/miniconda3/envs/shapeRNA/lib/python3.11/site-packages/django/utils/deprecation.py", line 128, in __call__
    response = self.process_request(request)
               ^^^^^^^^^^^^^^^^^^^^^^^^^^^^^
  File "/pubapps/qsong1/miniconda3/envs/shapeRNA/lib/python3.11/site-packages/django/middleware/common.py", line 48, in process_request
    host = request.get_host()
           ^^^^^^^^^^^^^^^^^^
  File "/pubapps/qsong1/miniconda3/envs/shapeRNA/lib/python3.11/site-packages/django/http/request.py", line 151, in get_host
    raise DisallowedHost(msg)
django.core.exceptions.DisallowedHost: Invalid HTTP_HOST header: 'pubqsong1:21008'. You may need to add 'pubqsong1' to ALLOWED_HOSTS.
Bad Request: /backend/api/download-result/
Invalid HTTP_HOST header: 'pubqsong1:21008'. You may need to add 'pubqsong1' to ALLOWED_HOSTS.
Traceback (most recent call last):
  File "/pubapps/qsong1/miniconda3/envs/shapeRNA/lib/python3.11/site-packages/django/core/handlers/exception.py", line 55, in inner
    response = get_response(request)
               ^^^^^^^^^^^^^^^^^^^^^
  File "/pubapps/qsong1/miniconda3/envs/shapeRNA/lib/python3.11/site-packages/django/utils/deprecation.py", line 128, in __call__
    response = self.process_request(request)
               ^^^^^^^^^^^^^^^^^^^^^^^^^^^^^
  File "/pubapps/qsong1/miniconda3/envs/shapeRNA/lib/python3.11/site-packages/django/middleware/common.py", line 48, in process_request
    host = request.get_host()
           ^^^^^^^^^^^^^^^^^^
  File "/pubapps/qsong1/miniconda3/envs/shapeRNA/lib/python3.11/site-packages/django/http/request.py", line 151, in get_host
    raise DisallowedHost(msg)
django.core.exceptions.DisallowedHost: Invalid HTTP_HOST header: 'pubqsong1:21008'. You may need to add 'pubqsong1' to ALLOWED_HOSTS.
Bad Request: /backend/api/download-result/
Invalid HTTP_HOST header: 'pubqsong1:21008'. You may need to add 'pubqsong1' to ALLOWED_HOSTS.
Traceback (most recent call last):
  File "/pubapps/qsong1/miniconda3/envs/shapeRNA/lib/python3.11/site-packages/django/core/handlers/exception.py", line 55, in inner
    response = get_response(request)
               ^^^^^^^^^^^^^^^^^^^^^
  File "/pubapps/qsong1/miniconda3/envs/shapeRNA/lib/python3.11/site-packages/django/utils/deprecation.py", line 128, in __call__
    response = self.process_request(request)
               ^^^^^^^^^^^^^^^^^^^^^^^^^^^^^
  File "/pubapps/qsong1/miniconda3/envs/shapeRNA/lib/python3.11/site-packages/django/middleware/common.py", line 48, in process_request
    host = request.get_host()
           ^^^^^^^^^^^^^^^^^^
  File "/pubapps/qsong1/miniconda3/envs/shapeRNA/lib/python3.11/site-packages/django/http/request.py", line 151, in get_host
    raise DisallowedHost(msg)
django.core.exceptions.DisallowedHost: Invalid HTTP_HOST header: 'pubqsong1:21008'. You may need to add 'pubqsong1' to ALLOWED_HOSTS.
Bad Request: /backend/api/download-result/
Invalid HTTP_HOST header: 'pubqsong1:21008'. You may need to add 'pubqsong1' to ALLOWED_HOSTS.
Traceback (most recent call last):
  File "/pubapps/qsong1/miniconda3/envs/shapeRNA/lib/python3.11/site-packages/django/core/handlers/exception.py", line 55, in inner
    response = get_response(request)
               ^^^^^^^^^^^^^^^^^^^^^
  File "/pubapps/qsong1/miniconda3/envs/shapeRNA/lib/python3.11/site-packages/django/utils/deprecation.py", line 128, in __call__
    response = self.process_request(request)
               ^^^^^^^^^^^^^^^^^^^^^^^^^^^^^
  File "/pubapps/qsong1/miniconda3/envs/shapeRNA/lib/python3.11/site-packages/django/middleware/common.py", line 48, in process_request
    host = request.get_host()
           ^^^^^^^^^^^^^^^^^^
  File "/pubapps/qsong1/miniconda3/envs/shapeRNA/lib/python3.11/site-packages/django/http/request.py", line 151, in get_host
    raise DisallowedHost(msg)
django.core.exceptions.DisallowedHost: Invalid HTTP_HOST header: 'pubqsong1:21008'. You may need to add 'pubqsong1' to ALLOWED_HOSTS.
Bad Request: /backend/api/download-result/
Invalid HTTP_HOST header: 'pubqsong1:21008'. You may need to add 'pubqsong1' to ALLOWED_HOSTS.
Traceback (most recent call last):
  File "/pubapps/qsong1/miniconda3/envs/shapeRNA/lib/python3.11/site-packages/django/core/handlers/exception.py", line 55, in inner
    response = get_response(request)
               ^^^^^^^^^^^^^^^^^^^^^
  File "/pubapps/qsong1/miniconda3/envs/shapeRNA/lib/python3.11/site-packages/django/utils/deprecation.py", line 128, in __call__
    response = self.process_request(request)
               ^^^^^^^^^^^^^^^^^^^^^^^^^^^^^
  File "/pubapps/qsong1/miniconda3/envs/shapeRNA/lib/python3.11/site-packages/django/middleware/common.py", line 48, in process_request
    host = request.get_host()
           ^^^^^^^^^^^^^^^^^^
  File "/pubapps/qsong1/miniconda3/envs/shapeRNA/lib/python3.11/site-packages/django/http/request.py", line 151, in get_host
    raise DisallowedHost(msg)
django.core.exceptions.DisallowedHost: Invalid HTTP_HOST header: 'pubqsong1:21008'. You may need to add 'pubqsong1' to ALLOWED_HOSTS.
Bad Request: /backend/api/download-result/
Invalid HTTP_HOST header: 'pubqsong1:21008'. You may need to add 'pubqsong1' to ALLOWED_HOSTS.
Traceback (most recent call last):
  File "/pubapps/qsong1/miniconda3/envs/shapeRNA/lib/python3.11/site-packages/django/core/handlers/exception.py", line 55, in inner
    response = get_response(request)
               ^^^^^^^^^^^^^^^^^^^^^
  File "/pubapps/qsong1/miniconda3/envs/shapeRNA/lib/python3.11/site-packages/django/utils/deprecation.py", line 128, in __call__
    response = self.process_request(request)
               ^^^^^^^^^^^^^^^^^^^^^^^^^^^^^
  File "/pubapps/qsong1/miniconda3/envs/shapeRNA/lib/python3.11/site-packages/django/middleware/common.py", line 48, in process_request
    host = request.get_host()
           ^^^^^^^^^^^^^^^^^^
  File "/pubapps/qsong1/miniconda3/envs/shapeRNA/lib/python3.11/site-packages/django/http/request.py", line 151, in get_host
    raise DisallowedHost(msg)
django.core.exceptions.DisallowedHost: Invalid HTTP_HOST header: 'pubqsong1:21008'. You may need to add 'pubqsong1' to ALLOWED_HOSTS.
Bad Request: /backend/api/download-result/
Invalid HTTP_HOST header: 'pubqsong1:21008'. You may need to add 'pubqsong1' to ALLOWED_HOSTS.
Traceback (most recent call last):
  File "/pubapps/qsong1/miniconda3/envs/shapeRNA/lib/python3.11/site-packages/django/core/handlers/exception.py", line 55, in inner
    response = get_response(request)
               ^^^^^^^^^^^^^^^^^^^^^
  File "/pubapps/qsong1/miniconda3/envs/shapeRNA/lib/python3.11/site-packages/django/utils/deprecation.py", line 128, in __call__
    response = self.process_request(request)
               ^^^^^^^^^^^^^^^^^^^^^^^^^^^^^
  File "/pubapps/qsong1/miniconda3/envs/shapeRNA/lib/python3.11/site-packages/django/middleware/common.py", line 48, in process_request
    host = request.get_host()
           ^^^^^^^^^^^^^^^^^^
  File "/pubapps/qsong1/miniconda3/envs/shapeRNA/lib/python3.11/site-packages/django/http/request.py", line 151, in get_host
    raise DisallowedHost(msg)
django.core.exceptions.DisallowedHost: Invalid HTTP_HOST header: 'pubqsong1:21008'. You may need to add 'pubqsong1' to ALLOWED_HOSTS.
Bad Request: /backend/api/download-result/
Invalid HTTP_HOST header: 'pubqsong1:21008'. You may need to add 'pubqsong1' to ALLOWED_HOSTS.
Traceback (most recent call last):
  File "/pubapps/qsong1/miniconda3/envs/shapeRNA/lib/python3.11/site-packages/django/core/handlers/exception.py", line 55, in inner
    response = get_response(request)
               ^^^^^^^^^^^^^^^^^^^^^
  File "/pubapps/qsong1/miniconda3/envs/shapeRNA/lib/python3.11/site-packages/django/utils/deprecation.py", line 128, in __call__
    response = self.process_request(request)
               ^^^^^^^^^^^^^^^^^^^^^^^^^^^^^
  File "/pubapps/qsong1/miniconda3/envs/shapeRNA/lib/python3.11/site-packages/django/middleware/common.py", line 48, in process_request
    host = request.get_host()
           ^^^^^^^^^^^^^^^^^^
  File "/pubapps/qsong1/miniconda3/envs/shapeRNA/lib/python3.11/site-packages/django/http/request.py", line 151, in get_host
    raise DisallowedHost(msg)
django.core.exceptions.DisallowedHost: Invalid HTTP_HOST header: 'pubqsong1:21008'. You may need to add 'pubqsong1' to ALLOWED_HOSTS.
Bad Request: /backend/api/download-result/
Invalid HTTP_HOST header: 'pubqsong1:21008'. You may need to add 'pubqsong1' to ALLOWED_HOSTS.
Traceback (most recent call last):
  File "/pubapps/qsong1/miniconda3/envs/shapeRNA/lib/python3.11/site-packages/django/core/handlers/exception.py", line 55, in inner
    response = get_response(request)
               ^^^^^^^^^^^^^^^^^^^^^
  File "/pubapps/qsong1/miniconda3/envs/shapeRNA/lib/python3.11/site-packages/django/utils/deprecation.py", line 128, in __call__
    response = self.process_request(request)
               ^^^^^^^^^^^^^^^^^^^^^^^^^^^^^
  File "/pubapps/qsong1/miniconda3/envs/shapeRNA/lib/python3.11/site-packages/django/middleware/common.py", line 48, in process_request
    host = request.get_host()
           ^^^^^^^^^^^^^^^^^^
  File "/pubapps/qsong1/miniconda3/envs/shapeRNA/lib/python3.11/site-packages/django/http/request.py", line 151, in get_host
    raise DisallowedHost(msg)
django.core.exceptions.DisallowedHost: Invalid HTTP_HOST header: 'pubqsong1:21008'. You may need to add 'pubqsong1' to ALLOWED_HOSTS.
Bad Request: /backend/api/download-result/
Invalid HTTP_HOST header: 'pubqsong1:21008'. You may need to add 'pubqsong1' to ALLOWED_HOSTS.
Traceback (most recent call last):
  File "/pubapps/qsong1/miniconda3/envs/shapeRNA/lib/python3.11/site-packages/django/core/handlers/exception.py", line 55, in inner
    response = get_response(request)
               ^^^^^^^^^^^^^^^^^^^^^
  File "/pubapps/qsong1/miniconda3/envs/shapeRNA/lib/python3.11/site-packages/django/utils/deprecation.py", line 128, in __call__
    response = self.process_request(request)
               ^^^^^^^^^^^^^^^^^^^^^^^^^^^^^
  File "/pubapps/qsong1/miniconda3/envs/shapeRNA/lib/python3.11/site-packages/django/middleware/common.py", line 48, in process_request
    host = request.get_host()
           ^^^^^^^^^^^^^^^^^^
  File "/pubapps/qsong1/miniconda3/envs/shapeRNA/lib/python3.11/site-packages/django/http/request.py", line 151, in get_host
    raise DisallowedHost(msg)
django.core.exceptions.DisallowedHost: Invalid HTTP_HOST header: 'pubqsong1:21008'. You may need to add 'pubqsong1' to ALLOWED_HOSTS.
Bad Request: /backend/api/download-result/
Invalid HTTP_HOST header: 'pubqsong1:21008'. You may need to add 'pubqsong1' to ALLOWED_HOSTS.
Traceback (most recent call last):
  File "/pubapps/qsong1/miniconda3/envs/shapeRNA/lib/python3.11/site-packages/django/core/handlers/exception.py", line 55, in inner
    response = get_response(request)
               ^^^^^^^^^^^^^^^^^^^^^
  File "/pubapps/qsong1/miniconda3/envs/shapeRNA/lib/python3.11/site-packages/django/utils/deprecation.py", line 128, in __call__
    response = self.process_request(request)
               ^^^^^^^^^^^^^^^^^^^^^^^^^^^^^
  File "/pubapps/qsong1/miniconda3/envs/shapeRNA/lib/python3.11/site-packages/django/middleware/common.py", line 48, in process_request
    host = request.get_host()
           ^^^^^^^^^^^^^^^^^^
  File "/pubapps/qsong1/miniconda3/envs/shapeRNA/lib/python3.11/site-packages/django/http/request.py", line 151, in get_host
    raise DisallowedHost(msg)
django.core.exceptions.DisallowedHost: Invalid HTTP_HOST header: 'pubqsong1:21008'. You may need to add 'pubqsong1' to ALLOWED_HOSTS.
Bad Request: /backend/api/download-result/
Invalid HTTP_HOST header: 'pubqsong1:21008'. You may need to add 'pubqsong1' to ALLOWED_HOSTS.
Traceback (most recent call last):
  File "/pubapps/qsong1/miniconda3/envs/shapeRNA/lib/python3.11/site-packages/django/core/handlers/exception.py", line 55, in inner
    response = get_response(request)
               ^^^^^^^^^^^^^^^^^^^^^
  File "/pubapps/qsong1/miniconda3/envs/shapeRNA/lib/python3.11/site-packages/django/utils/deprecation.py", line 128, in __call__
    response = self.process_request(request)
               ^^^^^^^^^^^^^^^^^^^^^^^^^^^^^
  File "/pubapps/qsong1/miniconda3/envs/shapeRNA/lib/python3.11/site-packages/django/middleware/common.py", line 48, in process_request
    host = request.get_host()
           ^^^^^^^^^^^^^^^^^^
  File "/pubapps/qsong1/miniconda3/envs/shapeRNA/lib/python3.11/site-packages/django/http/request.py", line 151, in get_host
    raise DisallowedHost(msg)
django.core.exceptions.DisallowedHost: Invalid HTTP_HOST header: 'pubqsong1:21008'. You may need to add 'pubqsong1' to ALLOWED_HOSTS.
Bad Request: /backend/api/download-result/
Invalid HTTP_HOST header: 'pubqsong1:21008'. You may need to add 'pubqsong1' to ALLOWED_HOSTS.
Traceback (most recent call last):
  File "/pubapps/qsong1/miniconda3/envs/shapeRNA/lib/python3.11/site-packages/django/core/handlers/exception.py", line 55, in inner
    response = get_response(request)
               ^^^^^^^^^^^^^^^^^^^^^
  File "/pubapps/qsong1/miniconda3/envs/shapeRNA/lib/python3.11/site-packages/django/utils/deprecation.py", line 128, in __call__
    response = self.process_request(request)
               ^^^^^^^^^^^^^^^^^^^^^^^^^^^^^
  File "/pubapps/qsong1/miniconda3/envs/shapeRNA/lib/python3.11/site-packages/django/middleware/common.py", line 48, in process_request
    host = request.get_host()
           ^^^^^^^^^^^^^^^^^^
  File "/pubapps/qsong1/miniconda3/envs/shapeRNA/lib/python3.11/site-packages/django/http/request.py", line 151, in get_host
    raise DisallowedHost(msg)
django.core.exceptions.DisallowedHost: Invalid HTTP_HOST header: 'pubqsong1:21008'. You may need to add 'pubqsong1' to ALLOWED_HOSTS.
Bad Request: /backend/api/download-result/
Invalid HTTP_HOST header: 'pubqsong1:21008'. You may need to add 'pubqsong1' to ALLOWED_HOSTS.
Traceback (most recent call last):
  File "/pubapps/qsong1/miniconda3/envs/shapeRNA/lib/python3.11/site-packages/django/core/handlers/exception.py", line 55, in inner
    response = get_response(request)
               ^^^^^^^^^^^^^^^^^^^^^
  File "/pubapps/qsong1/miniconda3/envs/shapeRNA/lib/python3.11/site-packages/django/utils/deprecation.py", line 128, in __call__
    response = self.process_request(request)
               ^^^^^^^^^^^^^^^^^^^^^^^^^^^^^
  File "/pubapps/qsong1/miniconda3/envs/shapeRNA/lib/python3.11/site-packages/django/middleware/common.py", line 48, in process_request
    host = request.get_host()
           ^^^^^^^^^^^^^^^^^^
  File "/pubapps/qsong1/miniconda3/envs/shapeRNA/lib/python3.11/site-packages/django/http/request.py", line 151, in get_host
    raise DisallowedHost(msg)
django.core.exceptions.DisallowedHost: Invalid HTTP_HOST header: 'pubqsong1:21008'. You may need to add 'pubqsong1' to ALLOWED_HOSTS.
Bad Request: /backend/api/download-result/
Invalid HTTP_HOST header: 'pubqsong1:21008'. You may need to add 'pubqsong1' to ALLOWED_HOSTS.
Traceback (most recent call last):
  File "/pubapps/qsong1/miniconda3/envs/shapeRNA/lib/python3.11/site-packages/django/core/handlers/exception.py", line 55, in inner
    response = get_response(request)
               ^^^^^^^^^^^^^^^^^^^^^
  File "/pubapps/qsong1/miniconda3/envs/shapeRNA/lib/python3.11/site-packages/django/utils/deprecation.py", line 128, in __call__
    response = self.process_request(request)
               ^^^^^^^^^^^^^^^^^^^^^^^^^^^^^
  File "/pubapps/qsong1/miniconda3/envs/shapeRNA/lib/python3.11/site-packages/django/middleware/common.py", line 48, in process_request
    host = request.get_host()
           ^^^^^^^^^^^^^^^^^^
  File "/pubapps/qsong1/miniconda3/envs/shapeRNA/lib/python3.11/site-packages/django/http/request.py", line 151, in get_host
    raise DisallowedHost(msg)
django.core.exceptions.DisallowedHost: Invalid HTTP_HOST header: 'pubqsong1:21008'. You may need to add 'pubqsong1' to ALLOWED_HOSTS.
Bad Request: /backend/api/download-result/
Invalid HTTP_HOST header: 'pubqsong1:21008'. You may need to add 'pubqsong1' to ALLOWED_HOSTS.
Traceback (most recent call last):
  File "/pubapps/qsong1/miniconda3/envs/shapeRNA/lib/python3.11/site-packages/django/core/handlers/exception.py", line 55, in inner
    response = get_response(request)
               ^^^^^^^^^^^^^^^^^^^^^
  File "/pubapps/qsong1/miniconda3/envs/shapeRNA/lib/python3.11/site-packages/django/utils/deprecation.py", line 128, in __call__
    response = self.process_request(request)
               ^^^^^^^^^^^^^^^^^^^^^^^^^^^^^
  File "/pubapps/qsong1/miniconda3/envs/shapeRNA/lib/python3.11/site-packages/django/middleware/common.py", line 48, in process_request
    host = request.get_host()
           ^^^^^^^^^^^^^^^^^^
  File "/pubapps/qsong1/miniconda3/envs/shapeRNA/lib/python3.11/site-packages/django/http/request.py", line 151, in get_host
    raise DisallowedHost(msg)
django.core.exceptions.DisallowedHost: Invalid HTTP_HOST header: 'pubqsong1:21008'. You may need to add 'pubqsong1' to ALLOWED_HOSTS.
Bad Request: /backend/api/download-result/
Invalid HTTP_HOST header: 'pubqsong1:21008'. You may need to add 'pubqsong1' to ALLOWED_HOSTS.
Traceback (most recent call last):
  File "/pubapps/qsong1/miniconda3/envs/shapeRNA/lib/python3.11/site-packages/django/core/handlers/exception.py", line 55, in inner
    response = get_response(request)
               ^^^^^^^^^^^^^^^^^^^^^
  File "/pubapps/qsong1/miniconda3/envs/shapeRNA/lib/python3.11/site-packages/django/utils/deprecation.py", line 128, in __call__
    response = self.process_request(request)
               ^^^^^^^^^^^^^^^^^^^^^^^^^^^^^
  File "/pubapps/qsong1/miniconda3/envs/shapeRNA/lib/python3.11/site-packages/django/middleware/common.py", line 48, in process_request
    host = request.get_host()
           ^^^^^^^^^^^^^^^^^^
  File "/pubapps/qsong1/miniconda3/envs/shapeRNA/lib/python3.11/site-packages/django/http/request.py", line 151, in get_host
    raise DisallowedHost(msg)
django.core.exceptions.DisallowedHost: Invalid HTTP_HOST header: 'pubqsong1:21008'. You may need to add 'pubqsong1' to ALLOWED_HOSTS.
Bad Request: /backend/api/download-result/
Invalid HTTP_HOST header: 'pubqsong1:21008'. You may need to add 'pubqsong1' to ALLOWED_HOSTS.
Traceback (most recent call last):
  File "/pubapps/qsong1/miniconda3/envs/shapeRNA/lib/python3.11/site-packages/django/core/handlers/exception.py", line 55, in inner
    response = get_response(request)
               ^^^^^^^^^^^^^^^^^^^^^
  File "/pubapps/qsong1/miniconda3/envs/shapeRNA/lib/python3.11/site-packages/django/utils/deprecation.py", line 128, in __call__
    response = self.process_request(request)
               ^^^^^^^^^^^^^^^^^^^^^^^^^^^^^
  File "/pubapps/qsong1/miniconda3/envs/shapeRNA/lib/python3.11/site-packages/django/middleware/common.py", line 48, in process_request
    host = request.get_host()
           ^^^^^^^^^^^^^^^^^^
  File "/pubapps/qsong1/miniconda3/envs/shapeRNA/lib/python3.11/site-packages/django/http/request.py", line 151, in get_host
    raise DisallowedHost(msg)
django.core.exceptions.DisallowedHost: Invalid HTTP_HOST header: 'pubqsong1:21008'. You may need to add 'pubqsong1' to ALLOWED_HOSTS.
Bad Request: /backend/api/download-result/
Invalid HTTP_HOST header: 'pubqsong1:21008'. You may need to add 'pubqsong1' to ALLOWED_HOSTS.
Traceback (most recent call last):
  File "/pubapps/qsong1/miniconda3/envs/shapeRNA/lib/python3.11/site-packages/django/core/handlers/exception.py", line 55, in inner
    response = get_response(request)
               ^^^^^^^^^^^^^^^^^^^^^
  File "/pubapps/qsong1/miniconda3/envs/shapeRNA/lib/python3.11/site-packages/django/utils/deprecation.py", line 128, in __call__
    response = self.process_request(request)
               ^^^^^^^^^^^^^^^^^^^^^^^^^^^^^
  File "/pubapps/qsong1/miniconda3/envs/shapeRNA/lib/python3.11/site-packages/django/middleware/common.py", line 48, in process_request
    host = request.get_host()
           ^^^^^^^^^^^^^^^^^^
  File "/pubapps/qsong1/miniconda3/envs/shapeRNA/lib/python3.11/site-packages/django/http/request.py", line 151, in get_host
    raise DisallowedHost(msg)
django.core.exceptions.DisallowedHost: Invalid HTTP_HOST header: 'pubqsong1:21008'. You may need to add 'pubqsong1' to ALLOWED_HOSTS.
Bad Request: /
[2025-05-01 17:35:32 -0400] [190809] [INFO] Handling signal: term
[2025-05-01 21:35:32 +0000] [190810] [INFO] Worker exiting (pid: 190810)
[2025-05-01 17:35:32 -0400] [190809] [INFO] Shutting down: Master
[2025-05-01 17:35:32 -0400] [244099] [INFO] Starting gunicorn 23.0.0
[2025-05-01 17:35:32 -0400] [244099] [INFO] Listening at: http://0.0.0.0:21008 (244099)
[2025-05-01 17:35:32 -0400] [244099] [INFO] Using worker: sync
[2025-05-01 17:35:32 -0400] [244101] [INFO] Booting worker with pid: 244101
[2025-05-01 21:35:39 +0000] [244101] [INFO] Worker exiting (pid: 244101)
[2025-05-01 17:35:39 -0400] [244099] [INFO] Handling signal: term
[2025-05-01 17:35:39 -0400] [244099] [INFO] Shutting down: Master
[2025-05-01 17:40:40 -0400] [244215] [INFO] Starting gunicorn 23.0.0
[2025-05-01 17:40:40 -0400] [244215] [INFO] Listening at: http://0.0.0.0:21008 (244215)
[2025-05-01 17:40:40 -0400] [244215] [INFO] Using worker: sync
[2025-05-01 17:40:40 -0400] [244216] [INFO] Booting worker with pid: 244216
Invalid HTTP_HOST header: 'pubqsong1:21008'. You may need to add 'pubqsong1' to ALLOWED_HOSTS.
Traceback (most recent call last):
  File "/pubapps/qsong1/miniconda3/envs/shapeRNA/lib/python3.11/site-packages/django/core/handlers/exception.py", line 55, in inner
    response = get_response(request)
               ^^^^^^^^^^^^^^^^^^^^^
  File "/pubapps/qsong1/miniconda3/envs/shapeRNA/lib/python3.11/site-packages/django/utils/deprecation.py", line 128, in __call__
    response = self.process_request(request)
               ^^^^^^^^^^^^^^^^^^^^^^^^^^^^^
  File "/pubapps/qsong1/miniconda3/envs/shapeRNA/lib/python3.11/site-packages/django/middleware/common.py", line 48, in process_request
    host = request.get_host()
           ^^^^^^^^^^^^^^^^^^
  File "/pubapps/qsong1/miniconda3/envs/shapeRNA/lib/python3.11/site-packages/django/http/request.py", line 151, in get_host
    raise DisallowedHost(msg)
django.core.exceptions.DisallowedHost: Invalid HTTP_HOST header: 'pubqsong1:21008'. You may need to add 'pubqsong1' to ALLOWED_HOSTS.
Bad Request: /backend/api/download-result/
Invalid HTTP_HOST header: 'pubqsong1:21008'. You may need to add 'pubqsong1' to ALLOWED_HOSTS.
Traceback (most recent call last):
  File "/pubapps/qsong1/miniconda3/envs/shapeRNA/lib/python3.11/site-packages/django/core/handlers/exception.py", line 55, in inner
    response = get_response(request)
               ^^^^^^^^^^^^^^^^^^^^^
  File "/pubapps/qsong1/miniconda3/envs/shapeRNA/lib/python3.11/site-packages/django/utils/deprecation.py", line 128, in __call__
    response = self.process_request(request)
               ^^^^^^^^^^^^^^^^^^^^^^^^^^^^^
  File "/pubapps/qsong1/miniconda3/envs/shapeRNA/lib/python3.11/site-packages/django/middleware/common.py", line 48, in process_request
    host = request.get_host()
           ^^^^^^^^^^^^^^^^^^
  File "/pubapps/qsong1/miniconda3/envs/shapeRNA/lib/python3.11/site-packages/django/http/request.py", line 151, in get_host
    raise DisallowedHost(msg)
django.core.exceptions.DisallowedHost: Invalid HTTP_HOST header: 'pubqsong1:21008'. You may need to add 'pubqsong1' to ALLOWED_HOSTS.
Bad Request: /backend/api/download-result/
Invalid HTTP_HOST header: 'pubqsong1:21008'. You may need to add 'pubqsong1' to ALLOWED_HOSTS.
Traceback (most recent call last):
  File "/pubapps/qsong1/miniconda3/envs/shapeRNA/lib/python3.11/site-packages/django/core/handlers/exception.py", line 55, in inner
    response = get_response(request)
               ^^^^^^^^^^^^^^^^^^^^^
  File "/pubapps/qsong1/miniconda3/envs/shapeRNA/lib/python3.11/site-packages/django/utils/deprecation.py", line 128, in __call__
    response = self.process_request(request)
               ^^^^^^^^^^^^^^^^^^^^^^^^^^^^^
  File "/pubapps/qsong1/miniconda3/envs/shapeRNA/lib/python3.11/site-packages/django/middleware/common.py", line 48, in process_request
    host = request.get_host()
           ^^^^^^^^^^^^^^^^^^
  File "/pubapps/qsong1/miniconda3/envs/shapeRNA/lib/python3.11/site-packages/django/http/request.py", line 151, in get_host
    raise DisallowedHost(msg)
django.core.exceptions.DisallowedHost: Invalid HTTP_HOST header: 'pubqsong1:21008'. You may need to add 'pubqsong1' to ALLOWED_HOSTS.
Bad Request: /backend/api/download-result/
Invalid HTTP_HOST header: 'pubqsong1:21008'. You may need to add 'pubqsong1' to ALLOWED_HOSTS.
Traceback (most recent call last):
  File "/pubapps/qsong1/miniconda3/envs/shapeRNA/lib/python3.11/site-packages/django/core/handlers/exception.py", line 55, in inner
    response = get_response(request)
               ^^^^^^^^^^^^^^^^^^^^^
  File "/pubapps/qsong1/miniconda3/envs/shapeRNA/lib/python3.11/site-packages/django/utils/deprecation.py", line 128, in __call__
    response = self.process_request(request)
               ^^^^^^^^^^^^^^^^^^^^^^^^^^^^^
  File "/pubapps/qsong1/miniconda3/envs/shapeRNA/lib/python3.11/site-packages/django/middleware/common.py", line 48, in process_request
    host = request.get_host()
           ^^^^^^^^^^^^^^^^^^
  File "/pubapps/qsong1/miniconda3/envs/shapeRNA/lib/python3.11/site-packages/django/http/request.py", line 151, in get_host
    raise DisallowedHost(msg)
django.core.exceptions.DisallowedHost: Invalid HTTP_HOST header: 'pubqsong1:21008'. You may need to add 'pubqsong1' to ALLOWED_HOSTS.
Bad Request: /backend/api/download-result/
Invalid HTTP_HOST header: 'pubqsong1:21008'. You may need to add 'pubqsong1' to ALLOWED_HOSTS.
Traceback (most recent call last):
  File "/pubapps/qsong1/miniconda3/envs/shapeRNA/lib/python3.11/site-packages/django/core/handlers/exception.py", line 55, in inner
    response = get_response(request)
               ^^^^^^^^^^^^^^^^^^^^^
  File "/pubapps/qsong1/miniconda3/envs/shapeRNA/lib/python3.11/site-packages/django/utils/deprecation.py", line 128, in __call__
    response = self.process_request(request)
               ^^^^^^^^^^^^^^^^^^^^^^^^^^^^^
  File "/pubapps/qsong1/miniconda3/envs/shapeRNA/lib/python3.11/site-packages/django/middleware/common.py", line 48, in process_request
    host = request.get_host()
           ^^^^^^^^^^^^^^^^^^
  File "/pubapps/qsong1/miniconda3/envs/shapeRNA/lib/python3.11/site-packages/django/http/request.py", line 151, in get_host
    raise DisallowedHost(msg)
django.core.exceptions.DisallowedHost: Invalid HTTP_HOST header: 'pubqsong1:21008'. You may need to add 'pubqsong1' to ALLOWED_HOSTS.
Bad Request: /backend/api/download-result/
Invalid HTTP_HOST header: 'pubqsong1:21008'. You may need to add 'pubqsong1' to ALLOWED_HOSTS.
Traceback (most recent call last):
  File "/pubapps/qsong1/miniconda3/envs/shapeRNA/lib/python3.11/site-packages/django/core/handlers/exception.py", line 55, in inner
    response = get_response(request)
               ^^^^^^^^^^^^^^^^^^^^^
  File "/pubapps/qsong1/miniconda3/envs/shapeRNA/lib/python3.11/site-packages/django/utils/deprecation.py", line 128, in __call__
    response = self.process_request(request)
               ^^^^^^^^^^^^^^^^^^^^^^^^^^^^^
  File "/pubapps/qsong1/miniconda3/envs/shapeRNA/lib/python3.11/site-packages/django/middleware/common.py", line 48, in process_request
    host = request.get_host()
           ^^^^^^^^^^^^^^^^^^
  File "/pubapps/qsong1/miniconda3/envs/shapeRNA/lib/python3.11/site-packages/django/http/request.py", line 151, in get_host
    raise DisallowedHost(msg)
django.core.exceptions.DisallowedHost: Invalid HTTP_HOST header: 'pubqsong1:21008'. You may need to add 'pubqsong1' to ALLOWED_HOSTS.
Bad Request: /backend/api/download-result/
[2025-05-01 21:43:16 +0000] [244216] [INFO] Worker exiting (pid: 244216)
[2025-05-01 17:43:16 -0400] [244215] [INFO] Handling signal: term
[2025-05-01 17:43:16 -0400] [244215] [INFO] Shutting down: Master
[2025-05-01 17:50:55 -0400] [244455] [INFO] Starting gunicorn 23.0.0
[2025-05-01 17:50:55 -0400] [244455] [INFO] Listening at: http://0.0.0.0:21008 (244455)
[2025-05-01 17:50:55 -0400] [244455] [INFO] Using worker: sync
[2025-05-01 17:50:55 -0400] [244456] [INFO] Booting worker with pid: 244456
